// Jest Snapshot v1, https://goo.gl/fbAQLP

exports[`PocketInput Renders mandatory data 1`] = `
<div>
  <div
    class="form-group"
  >
    <span
      style="display: inline-flex;"
    >
      <label
        for="from"
        style="text-transform: capitalize;"
      >
        from: 
      </label>
      <a
        class="pocket-currency-option"
        role="button"
      >
        EUR
      </a>
      <a
        class="pocket-currency-option active"
        role="button"
      >
        GBP
      </a>
      <a
        class="pocket-currency-option"
        role="button"
      >
        USD
      </a>
    </span>
    <input
      id="from"
      inputmode="decimal"
      max="58.33"
      min="0"
      name="from"
      pattern="[\\\\d\\\\.]*"
      step="0.01"
      type="number"
    />
    <div>
      You have £58.33
    </div>
  </div>
</div>
`;
